00:30:22 **** Incremental Build of configuration Debug for project MDP ****
make -j16 all 
arm-none-eabi-gcc "../Core/Src/main.c" -mcpu=cortex-m4 -std=gnu11 -g3 -DDEBUG -DUSE_HAL_DRIVER -DSTM32F407xx -c -I"C:/Users/Javier/Desktop/MDP(1)/MDP/PeripheralDriver/Inc" -I../Core/Inc -I../Drivers/STM32F4xx_HAL_Driver/Inc -I../Drivers/STM32F4xx_HAL_Driver/Inc/Legacy -I../Drivers/CMSIS/Device/ST/STM32F4xx/Include -I../Drivers/CMSIS/Include -I../Middlewares/Third_Party/FreeRTOS/Source/include -I../Middlewares/Third_Party/FreeRTOS/Source/CMSIS_RTOS_V2 -I../Middlewares/Third_Party/FreeRTOS/Source/portable/GCC/ARM_CM4F -O0 -ffunction-sections -fdata-sections -Wall -fstack-usage -fcyclomatic-complexity -MMD -MP -MF"Core/Src/main.d" -MT"Core/Src/main.o" --specs=nano.specs -mfpu=fpv4-sp-d16 -mfloat-abi=hard -mthumb -o "Core/Src/main.o"
../Core/Src/main.c: In function 'showMsg':
../Core/Src/main.c:854:12: warning: pointer targets in passing argument 1 of 'sprintf' differ in signedness [-Wpointer-sign]
  854 |    sprintf(test, "%s\0", aRxBuffer);
      |            ^~~~
      |            |
      |            uint8_t * {aka unsigned char *}
In file included from ../Core/Src/main.c:27:
C:\ST\STM32CubeIDE_1.14.1\STM32CubeIDE\plugins\com.st.stm32cube.ide.mcu.externaltools.gnu-tools-for-stm32.11.3.rel1.win32_1.1.100.202309141235\tools\bin/../lib/gcc/arm-none-eabi/11.3.1/../../../../arm-none-eabi/include/stdio.h:254:18: note: expected 'char * restrict' but argument is of type 'uint8_t *' {aka 'unsigned char *'}
  254 | int     sprintf (char *__restrict, const char *__restrict, ...)
      |                  ^
../Core/Src/main.c:854:21: warning: embedded '\0' in format [-Wformat-contains-nul]
  854 |    sprintf(test, "%s\0", aRxBuffer);
      |                     ^~
../Core/Src/main.c: In function 'motors':
../Core/Src/main.c:939:33: warning: pointer targets in passing argument 1 of 'sprintf' differ in signedness [-Wpointer-sign]
  939 |                         sprintf(hello, "Dir %c : %3d\0", frontback, (fb_speed - 48));
      |                                 ^~~~~
      |                                 |
      |                                 uint8_t * {aka unsigned char *}
In file included from ../Core/Src/main.c:27:
C:\ST\STM32CubeIDE_1.14.1\STM32CubeIDE\plugins\com.st.stm32cube.ide.mcu.externaltools.gnu-tools-for-stm32.11.3.rel1.win32_1.1.100.202309141235\tools\bin/../lib/gcc/arm-none-eabi/11.3.1/../../../../arm-none-eabi/include/stdio.h:254:18: note: expected 'char * restrict' but argument is of type 'uint8_t *' {aka 'unsigned char *'}
  254 | int     sprintf (char *__restrict, const char *__restrict, ...)
      |                  ^
../Core/Src/main.c:939:53: warning: embedded '\0' in format [-Wformat-contains-nul]
  939 |                         sprintf(hello, "Dir %c : %3d\0", frontback, (fb_speed - 48));
      |                                                     ^~
../Core/Src/main.c:909:13: warning: variable 'turn_angle' set but not used [-Wunused-but-set-variable]
  909 |         int turn_angle;
      |             ^~~~~~~~~~
../Core/Src/main.c:899:13: warning: unused variable 'back_angle_threshold' [-Wunused-variable]
  899 |         int back_angle_threshold;
      |             ^~~~~~~~~~~~~~~~~~~~
../Core/Src/main.c:891:17: warning: unused variable 'kp_back' [-Wunused-variable]
  891 |         uint8_t kp_back = 2;
      |                 ^~~~~~~
../Core/Src/main.c: In function 'encoder':
../Core/Src/main.c:1122:33: warning: pointer targets in passing argument 1 of 'sprintf' differ in signedness [-Wpointer-sign]
 1122 |                         sprintf(msg, "Diff:%3d\0", encoder_error);
      |                                 ^~~
      |                                 |
      |                                 uint8_t * {aka unsigned char *}
In file included from ../Core/Src/main.c:27:
C:\ST\STM32CubeIDE_1.14.1\STM32CubeIDE\plugins\com.st.stm32cube.ide.mcu.externaltools.gnu-tools-for-stm32.11.3.rel1.win32_1.1.100.202309141235\tools\bin/../lib/gcc/arm-none-eabi/11.3.1/../../../../arm-none-eabi/include/stdio.h:254:18: note: expected 'char * restrict' but argument is of type 'uint8_t *' {aka 'unsigned char *'}
  254 | int     sprintf (char *__restrict, const char *__restrict, ...)
      |                  ^
../Core/Src/main.c:1122:47: warning: embedded '\0' in format [-Wformat-contains-nul]
 1122 |                         sprintf(msg, "Diff:%3d\0", encoder_error);
      |                                               ^~
../Core/Src/main.c:1124:33: warning: pointer targets in passing argument 1 of 'sprintf' differ in signedness [-Wpointer-sign]
 1124 |                         sprintf(msg, "Dist:%3d\0", encoder_dist);
      |                                 ^~~
      |                                 |
      |                                 uint8_t * {aka unsigned char *}
In file included from ../Core/Src/main.c:27:
C:\ST\STM32CubeIDE_1.14.1\STM32CubeIDE\plugins\com.st.stm32cube.ide.mcu.externaltools.gnu-tools-for-stm32.11.3.rel1.win32_1.1.100.202309141235\tools\bin/../lib/gcc/arm-none-eabi/11.3.1/../../../../arm-none-eabi/include/stdio.h:254:18: note: expected 'char * restrict' but argument is of type 'uint8_t *' {aka 'unsigned char *'}
  254 | int     sprintf (char *__restrict, const char *__restrict, ...)
      |                  ^
../Core/Src/main.c:1124:46: warning: format '%d' expects argument of type 'int', but argument 3 has type 'uint32_t' {aka 'long unsigned int'} [-Wformat=]
 1124 |                         sprintf(msg, "Dist:%3d\0", encoder_dist);
      |                                            ~~^     ~~~~~~~~~~~~
      |                                              |     |
      |                                              int   uint32_t {aka long unsigned int}
      |                                            %3ld
../Core/Src/main.c:1124:47: warning: embedded '\0' in format [-Wformat-contains-nul]
 1124 |                         sprintf(msg, "Dist:%3d\0", encoder_dist);
      |                                               ^~
../Core/Src/main.c:1078:13: warning: unused variable 'cnt4' [-Wunused-variable]
 1078 |   int cnt3, cnt4;
      |             ^~~~
../Core/Src/main.c:1077:13: warning: unused variable 'cnt2' [-Wunused-variable]
 1077 |   int cnt1, cnt2;
      |             ^~~~
../Core/Src/main.c: In function 'gryo_task':
../Core/Src/main.c:1166:25: warning: pointer targets in passing argument 1 of 'sprintf' differ in signedness [-Wpointer-sign]
 1166 |                 sprintf(msg, "gyro : %3d\0", (int) curAngle);
      |                         ^~~
      |                         |
      |                         uint8_t * {aka unsigned char *}
In file included from ../Core/Src/main.c:27:
C:\ST\STM32CubeIDE_1.14.1\STM32CubeIDE\plugins\com.st.stm32cube.ide.mcu.externaltools.gnu-tools-for-stm32.11.3.rel1.win32_1.1.100.202309141235\tools\bin/../lib/gcc/arm-none-eabi/11.3.1/../../../../arm-none-eabi/include/stdio.h:254:18: note: expected 'char * restrict' but argument is of type 'uint8_t *' {aka 'unsigned char *'}
  254 | int     sprintf (char *__restrict, const char *__restrict, ...)
      |                  ^
../Core/Src/main.c:1166:41: warning: embedded '\0' in format [-Wformat-contains-nul]
 1166 |                 sprintf(msg, "gyro : %3d\0", (int) curAngle);
      |                                         ^~
../Core/Src/main.c:1156:18: warning: unused variable 'tick' [-Wunused-variable]
 1156 |         uint32_t tick = HAL_GetTick();
      |                  ^~~~
../Core/Src/main.c: In function 'showMsg':
../Core/Src/main.c:854:19: warning: '%s' directive writing up to 49 bytes into a region of size 20 [-Wformat-overflow=]
  854 |    sprintf(test, "%s\0", aRxBuffer);
      |                   ^~     ~~~~~~~~~
../Core/Src/main.c:854:4: note: 'sprintf' output between 1 and 50 bytes into a destination of size 20
  854 |    sprintf(test, "%s\0", aRxBuffer);
      |    ^~~~~~~~~~~~~~~~~~~~~~~~~~~~~~~~
../Core/Src/main.c: In function 'gryo_task':
../Core/Src/main.c:1166:38: warning: '%3d' directive writing between 3 and 11 bytes into a region of size 1 [-Wformat-overflow=]
 1166 |                 sprintf(msg, "gyro : %3d\0", (int) curAngle);
      |                                      ^~~
../Core/Src/main.c:1166:17: note: 'sprintf' output between 11 and 19 bytes into a destination of size 8
 1166 |                 sprintf(msg, "gyro : %3d\0", (int) curAngle);
      |                 ^~~~~~~~~~~~~~~~~~~~~~~~~~~~~~~~~~~~~~~~~~~~
arm-none-eabi-gcc -o "MDP.elf" @"objects.list"   -mcpu=cortex-m4 -T"C:\Users\Javier\Desktop\MDP(1)\MDP\STM32F407VETX_FLASH.ld" --specs=nosys.specs -Wl,-Map="MDP.map" -Wl,--gc-sections -static --specs=nano.specs -mfpu=fpv4-sp-d16 -mfloat-abi=hard -mthumb -Wl,--start-group -lc -lm -Wl,--end-group
Finished building target: MDP.elf
 
arm-none-eabi-size  MDP.elf 
arm-none-eabi-objdump -h -S MDP.elf  > "MDP.list"
arm-none-eabi-objcopy  -O ihex MDP.elf  "MDP.hex"
   text	   data	    bss	    dec	    hex	filename
  46984	    124	  22320	  69428	  10f34	MDP.elf
Finished building: default.size.stdout
 
Finished building: MDP.hex
 
Finished building: MDP.list
 
