14:47:37 **** Incremental Build of configuration Debug for project MDP ****
make -j16 all 
arm-none-eabi-gcc "../Core/Src/main.c" -mcpu=cortex-m4 -std=gnu11 -g3 -DDEBUG -DUSE_HAL_DRIVER -DSTM32F407xx -c -I"C:/Users/Javier/Desktop/MDP(1)/MDP/PeripheralDriver/Inc" -I../Core/Inc -I../Drivers/STM32F4xx_HAL_Driver/Inc -I../Drivers/STM32F4xx_HAL_Driver/Inc/Legacy -I../Drivers/CMSIS/Device/ST/STM32F4xx/Include -I../Drivers/CMSIS/Include -I../Middlewares/Third_Party/FreeRTOS/Source/include -I../Middlewares/Third_Party/FreeRTOS/Source/CMSIS_RTOS_V2 -I../Middlewares/Third_Party/FreeRTOS/Source/portable/GCC/ARM_CM4F -O0 -ffunction-sections -fdata-sections -Wall -fstack-usage -fcyclomatic-complexity -MMD -MP -MF"Core/Src/main.d" -MT"Core/Src/main.o" --specs=nano.specs -mfpu=fpv4-sp-d16 -mfloat-abi=hard -mthumb -o "Core/Src/main.o"
../Core/Src/main.c: In function 'showMsg':
../Core/Src/main.c:550:4: warning: implicit declaration of function 'sprintf' [-Wimplicit-function-declaration]
  550 |    sprintf(test, "%s\0", aRxBuffer);
      |    ^~~~~~~
../Core/Src/main.c:26:1: note: include '<stdio.h>' or provide a declaration of 'sprintf'
   25 | #include "oled.h"
  +++ |+#include <stdio.h>
   26 | /* USER CODE END Includes */
../Core/Src/main.c:550:4: warning: incompatible implicit declaration of built-in function 'sprintf' [-Wbuiltin-declaration-mismatch]
  550 |    sprintf(test, "%s\0", aRxBuffer);
      |    ^~~~~~~
../Core/Src/main.c:550:4: note: include '<stdio.h>' or provide a declaration of 'sprintf'
../Core/Src/main.c:550:12: warning: pointer targets in passing argument 1 of 'sprintf' differ in signedness [-Wpointer-sign]
  550 |    sprintf(test, "%s\0", aRxBuffer);
      |            ^~~~
      |            |
      |            uint8_t * {aka unsigned char *}
../Core/Src/main.c:550:12: note: expected 'char *' but argument is of type 'uint8_t *' {aka 'unsigned char *'}
../Core/Src/main.c:550:21: warning: embedded '\0' in format [-Wformat-contains-nul]
  550 |    sprintf(test, "%s\0", aRxBuffer);
      |                     ^~
../Core/Src/main.c: In function 'encoder':
../Core/Src/main.c:686:17: warning: incompatible implicit declaration of built-in function 'sprintf' [-Wbuiltin-declaration-mismatch]
  686 |                 sprintf(msg, "Speed:%5d\0", diffa);
      |                 ^~~~~~~
../Core/Src/main.c:686:17: note: include '<stdio.h>' or provide a declaration of 'sprintf'
../Core/Src/main.c:686:25: warning: pointer targets in passing argument 1 of 'sprintf' differ in signedness [-Wpointer-sign]
  686 |                 sprintf(msg, "Speed:%5d\0", diffa);
      |                         ^~~
      |                         |
      |                         uint8_t * {aka unsigned char *}
../Core/Src/main.c:686:25: note: expected 'char *' but argument is of type 'uint8_t *' {aka 'unsigned char *'}
../Core/Src/main.c:686:40: warning: embedded '\0' in format [-Wformat-contains-nul]
  686 |                 sprintf(msg, "Speed:%5d\0", diffa);
      |                                        ^~
../Core/Src/main.c:692:25: warning: pointer targets in passing argument 1 of 'sprintf' differ in signedness [-Wpointer-sign]
  692 |                 sprintf(msg, "Speed:%5d\0", diffb);
      |                         ^~~
      |                         |
      |                         uint8_t * {aka unsigned char *}
../Core/Src/main.c:692:25: note: expected 'char *' but argument is of type 'uint8_t *' {aka 'unsigned char *'}
../Core/Src/main.c:692:40: warning: embedded '\0' in format [-Wformat-contains-nul]
  692 |                 sprintf(msg, "Speed:%5d\0", diffb);
      |                                        ^~
../Core/Src/main.c:635:12: warning: unused variable 'encoder_dist' [-Wunused-variable]
  635 |   uint32_t encoder_dist = 0;
      |            ^~~~~~~~~~~~
../Core/Src/main.c:633:7: warning: unused variable 'encoder_error' [-Wunused-variable]
  633 |   int encoder_error = 0;
      |       ^~~~~~~~~~~~~
../Core/Src/main.c:631:7: warning: unused variable 'encoder_offset' [-Wunused-variable]
  631 |   int encoder_offset = 0;
      |       ^~~~~~~~~~~~~~
../Core/Src/main.c:628:12: warning: unused variable 'dir' [-Wunused-variable]
  628 |   uint16_t dir;
      |            ^~~
arm-none-eabi-gcc -o "MDP.elf" @"objects.list"   -mcpu=cortex-m4 -T"C:\Users\Javier\Desktop\MDP(1)\MDP\STM32F407VETX_FLASH.ld" --specs=nosys.specs -Wl,-Map="MDP.map" -Wl,--gc-sections -static --specs=nano.specs -mfpu=fpv4-sp-d16 -mfloat-abi=hard -mthumb -Wl,--start-group -lc -lm -Wl,--end-group
Finished building target: MDP.elf
 
arm-none-eabi-size  MDP.elf 
arm-none-eabi-objdump -h -S MDP.elf  > "MDP.list"
arm-none-eabi-objcopy  -O ihex MDP.elf  "MDP.hex"
   text	   data	    bss	    dec	    hex	filename
  34872	    104	  22016	  56992	   dea0	MDP.elf
Finished building: default.size.stdout
 
Finished building: MDP.hex
 
Finished building: MDP.list
 

14:47:39 Build Finished. 0 errors, 13 warnings. (took 1s.954ms)

