../Core/Src/main.c:136:6:usDelay	16	static
../Core/Src/main.c:176:6:HCSR04_Read	8	static
../Core/Src/main.c:189:5:main	8	static
../Core/Src/main.c:289:6:SystemClock_Config	88	static
../Core/Src/main.c:331:13:MX_I2C1_Init	8	static
../Core/Src/main.c:365:13:MX_TIM1_Init	96	static
../Core/Src/main.c:439:13:MX_TIM2_Init	56	static
../Core/Src/main.c:488:13:MX_TIM3_Init	56	static
../Core/Src/main.c:537:13:MX_TIM5_Init	32	static
../Core/Src/main.c:585:13:MX_TIM8_Init	96	static
../Core/Src/main.c:663:13:MX_USART3_UART_Init	8	static
../Core/Src/main.c:696:13:MX_GPIO_Init	48	static
../Core/Src/main.c:753:6:HAL_UART_RxCpltCallback	16	static
../Core/Src/main.c:766:6:reset_motorVal	4	static
../Core/Src/main.c:775:6:enqueue	24	static
../Core/Src/main.c:791:5:dequeue	24	static
../Core/Src/main.c:808:6:getFront	24	static
../Core/Src/main.c:816:5:isEmptyQueue	24	static
../Core/Src/main.c:822:6:deleteQueue	16	static
../Core/Src/main.c:835:6:StartDefaultTask	24	static
../Core/Src/main.c:860:6:showMsg	40	static
../Core/Src/main.c:883:6:motors	160	static
../Core/Src/main.c:1612:6:encoder	56	static
../Core/Src/main.c:1694:6:gryo_task	40	static
../Core/Src/main.c:1726:6:Error_Handler	4	static,ignoring_inline_asm
